
> vite_react_shadcn_ts@0.0.0 build
> vite build

[36mvite v7.3.1 [32mbuilding client environment for production...[36m[39m
transforming...
[32mظ£ô[39m 14 modules transformed.
node.exe : 
[31mظ£ù[39m Build 
failed in 1.70s
At line:1 char:1
+ & "C:\Program Files
\nodejs/node.exe" 
"C:\Program 
Files\nodejs/node_mo 
...
+ ~~~~~~~~~~~~~~~~~~~
~~~~~~~~~~~~~~~~~~~~~
~~~~~~~~~~~~~~~~~~~~~
~~~~~~~~
    + CategoryInfo   
           : NotSpe  
  cified: ([31mظ£   
 ù[39m Build fai    
led in 1.70s:Str    
ing) [], RemoteE    
xception
    + FullyQualified 
   ErrorId : Native  
  CommandError
 
[31merror during 
build:
[31m[vite-plugin-pwa
:build] [plugin vite-
plugin-pwa:build] src
/pages/admin/Login.ts
x (129:42): There 
was an error during 
the build:
  Transform failed 
with 4 errors:
C:/Users/Glitcher/Des
ktop/Niels-Bohr/src/p
ages/admin/Login.tsx:
129:42: ERROR: 
Unexpected closing 
fragment tag does 
not match opening 
"motion.div" tag
C:/Users/Glitcher/Des
ktop/Niels-Bohr/src/p
ages/admin/Login.tsx:
130:37: ERROR: The 
character "}" is not 
valid inside a JSX 
element
C:/Users/Glitcher/Des
ktop/Niels-Bohr/src/p
ages/admin/Login.tsx:
131:38: ERROR: 
Unexpected closing 
"Button" tag does 
not match opening 
fragment tag
C:/Users/Glitcher/Des
ktop/Niels-Bohr/src/p
ages/admin/Login.tsx:
132:30: ERROR: 
Unterminated regular 
expression
Additionally, 
handling the error 
in the 'buildEnd' 
hook caused the 
following error:
  Transform failed 
with 4 errors:
C:/Users/Glitcher/Des
ktop/Niels-Bohr/src/p
ages/admin/Login.tsx:
129:42: ERROR: 
Unexpected closing 
fragment tag does 
not match opening 
"motion.div" tag
C:/Users/Glitcher/Des
ktop/Niels-Bohr/src/p
ages/admin/Login.tsx:
130:37: ERROR: The 
character "}" is not 
valid inside a JSX 
element
C:/Users/Glitcher/Des
ktop/Niels-Bohr/src/p
ages/admin/Login.tsx:
131:38: ERROR: 
Unexpected closing 
"Button" tag does 
not match opening 
fragment tag
C:/Users/Glitcher/Des
ktop/Niels-Bohr/src/p
ages/admin/Login.tsx:
132:30: ERROR: 
Unterminated regular 
expression[31m
file: [36mC:/Users/G
litcher/Desktop/Niels
-Bohr/src/pages/admin
/Login.tsx:129:42[31
m
[33m
[33mUnexpected 
closing fragment tag 
does not match 
opening "motion.div" 
tag[33m
127 |                
                     
     >
128 |                
                     
         ظْ
129 |                
                     
     </>
    |                
                     
       ^
130 |                
                     
 )}
131 |                
                     
 </Button>

[33mThe character 
"}" is not valid 
inside a JSX 
element[33m
128 |                
                     
         ظْ
129 |                
                     
     </>
130 |                
                     
 )}
    |                
                     
  ^
131 |                
                     
 </Button>
132 |                
          </div>

[33mUnexpected 
closing "Button" tag 
does not match 
opening fragment 
tag[33m
129 |                
                     
     </>
130 |                
                     
 )}
131 |                
                     
 </Button>
    |                
                     
   ^
132 |                
          </div>
133 |                
      </form>

[33mUnterminated 
regular 
expression[33m
130 |                
                     
 )}
131 |                
                     
 </Button>
132 |                
          </div>
    |                
                ^
133 |                
      </form>
134 |  
[31m
    at 
getRollupError (file:
///C:/Users/Glitcher/
Desktop/Niels-Bohr/no
de_modules/vite/node_
modules/rollup/dist/e
s/shared/parseAst.js:
401:41)
    at file:///C:/Use
rs/Glitcher/Desktop/N
iels-Bohr/node_module
s/vite/node_modules/r
ollup/dist/es/shared/
node-entry.js:23467:3
9
    at process.proces
sTicksAndRejections (
node:internal/process
/task_queues:105:5)
    at async catchUnf
inishedHookActions (f
ile:///C:/Users/Glitc
her/Desktop/Niels-Boh
r/node_modules/vite/n
ode_modules/rollup/di
st/es/shared/node-ent
ry.js:22925:16)
    at async 
rollupInternal (file:
///C:/Users/Glitcher/
Desktop/Niels-Bohr/no
de_modules/vite/node_
modules/rollup/dist/e
s/shared/node-entry.j
s:23450:5)
    at async 
buildEnvironment (fil
e:///C:/Users/Glitche
r/Desktop/Niels-Bohr/
node_modules/vite/dis
t/node/chunks/config.
js:33541:12)
    at async 
Object.build (file://
/C:/Users/Glitcher/De
sktop/Niels-Bohr/node
_modules/vite/dist/no
de/chunks/config.js:3
3900:19)
    at async 
Object.buildApp (file
:///C:/Users/Glitcher
/Desktop/Niels-Bohr/n
ode_modules/vite/dist
/node/chunks/config.j
s:33897:153)
    at async 
CAC.<anonymous> (file
:///C:/Users/Glitcher
/Desktop/Niels-Bohr/n
ode_modules/vite/dist
/node/cli.js:629:3)[
39m
